// Jest Snapshot v1, https://goo.gl/fbAQLP

exports[`macros basic usage: basic usage 1`] = `
"
import macro from \\"../macro\\";
const result = macro(['1', '2', 'zero' , 3, 4, 5]
  .map( n => Number(n) || 0 ))
  .filter( n => n % 2)
  .reduce(( acc, v ) => Math.max(acc, v));

      ↓ ↓ ↓ ↓ ↓ ↓

\\"use strict\\";
const result = /*prettier-ignore*/ ((__tapValue__ = ['1', '2', 'zero', 3, 4, 5].
map(n => Number(n) || 0), console.log(__tapValue__), __tapValue__)).
filter(n => n % 2).
reduce((acc, v) => Math.max(acc, v));

"
`;
